// Jest Snapshot v1, https://goo.gl/fbAQLP

exports[`Article Card renders homepage unchanged 1`] = `
<div>
  <div />
</div>
`;
